[0.300s] DEBUG:colcon:Command line arguments: ['/usr/bin/colcon', 'build', '--symlink-install']
[0.300s] DEBUG:colcon:Parsed command line arguments: Namespace(allow_overriding=[], ament_cmake_args=None, base_paths=['.'], build_base='build', catkin_cmake_args=None, catkin_skip_building_tests=False, cmake_args=None, cmake_clean_cache=False, cmake_clean_first=False, cmake_force_configure=False, cmake_target=None, cmake_target_skip_unavailable=False, continue_on_error=False, event_handlers=None, executor='parallel', ignore_user_meta=False, install_base='install', log_base=None, log_level=None, main=<bound method BuildVerb.main of <colcon_core.verb.build.BuildVerb object at 0xffff7eaac3d0>>, merge_install=False, metas=['./colcon.meta'], packages_above=None, packages_above_and_dependencies=None, packages_above_depth=None, packages_end=None, packages_ignore=None, packages_ignore_regex=None, packages_select=None, packages_select_build_failed=False, packages_select_by_dep=None, packages_select_regex=None, packages_select_test_failures=False, packages_skip=None, packages_skip_build_finished=False, packages_skip_by_dep=None, packages_skip_regex=None, packages_skip_test_passed=False, packages_skip_up_to=None, packages_start=None, packages_up_to=None, packages_up_to_regex=None, parallel_workers=8, paths=None, symlink_install=True, test_result_base=None, verb_extension=<colcon_core.verb.build.BuildVerb object at 0xffff7eaac3d0>, verb_name='build', verb_parser=<colcon_defaults.argument_parser.defaults.DefaultArgumentsDecorator object at 0xffff7e95f340>)
[0.527s] Level 1:colcon.colcon_core.package_discovery:discover_packages(colcon_meta) check parameters
[0.527s] Level 1:colcon.colcon_core.package_discovery:discover_packages(recursive) check parameters
[0.527s] Level 1:colcon.colcon_core.package_discovery:discover_packages(ignore) check parameters
[0.527s] Level 1:colcon.colcon_core.package_discovery:discover_packages(path) check parameters
[0.527s] Level 1:colcon.colcon_core.package_discovery:discover_packages(colcon_meta) discover
[0.527s] Level 1:colcon.colcon_core.package_discovery:discover_packages(recursive) discover
[0.527s] INFO:colcon.colcon_core.package_discovery:Crawling recursively for packages in '/home/unitree/ros2_bridge/robot_ws_bridge'
[0.528s] Level 1:colcon.colcon_core.package_identification:_identify(.) by extensions ['ignore', 'ignore_ament_install']
[0.528s] Level 1:colcon.colcon_core.package_identification:_identify(.) by extension 'ignore'
[0.528s] Level 1:colcon.colcon_core.package_identification:_identify(.) by extension 'ignore_ament_install'
[0.528s] Level 1:colcon.colcon_core.package_identification:_identify(.) by extensions ['colcon_pkg']
[0.528s] Level 1:colcon.colcon_core.package_identification:_identify(.) by extension 'colcon_pkg'
[0.528s] Level 1:colcon.colcon_core.package_identification:_identify(.) by extensions ['colcon_meta']
[0.528s] Level 1:colcon.colcon_core.package_identification:_identify(.) by extension 'colcon_meta'
[0.528s] Level 1:colcon.colcon_core.package_identification:_identify(.) by extensions ['ros']
[0.528s] Level 1:colcon.colcon_core.package_identification:_identify(.) by extension 'ros'
[0.549s] DEBUG:colcon.colcon_core.package_identification:Package '.' with type 'ros.ament_python' and name 'robot_ws_bridge'
[0.549s] Level 1:colcon.colcon_core.package_discovery:discover_packages(recursive) using defaults
[0.549s] Level 1:colcon.colcon_core.package_discovery:discover_packages(ignore) discover
[0.550s] Level 1:colcon.colcon_core.package_discovery:discover_packages(ignore) using defaults
[0.550s] Level 1:colcon.colcon_core.package_discovery:discover_packages(path) discover
[0.550s] Level 1:colcon.colcon_core.package_discovery:discover_packages(path) using defaults
[0.576s] Level 1:colcon.colcon_core.package_discovery:discover_packages(prefix_path) check parameters
[0.576s] Level 1:colcon.colcon_core.package_discovery:discover_packages(prefix_path) discover
[0.579s] DEBUG:colcon.colcon_installed_package_information.package_discovery:Found 2 installed packages in /home/unitree/cyclonedds_ws/install
[0.581s] DEBUG:colcon.colcon_installed_package_information.package_discovery:Found 301 installed packages in /opt/ros/foxy
[0.584s] Level 1:colcon.colcon_core.package_discovery:discover_packages(prefix_path) using defaults
[0.709s] Level 5:colcon.colcon_core.verb:set package 'robot_ws_bridge' build argument 'cmake_args' from command line to 'None'
[0.709s] Level 5:colcon.colcon_core.verb:set package 'robot_ws_bridge' build argument 'cmake_target' from command line to 'None'
[0.709s] Level 5:colcon.colcon_core.verb:set package 'robot_ws_bridge' build argument 'cmake_target_skip_unavailable' from command line to 'False'
[0.709s] Level 5:colcon.colcon_core.verb:set package 'robot_ws_bridge' build argument 'cmake_clean_cache' from command line to 'False'
[0.709s] Level 5:colcon.colcon_core.verb:set package 'robot_ws_bridge' build argument 'cmake_clean_first' from command line to 'False'
[0.709s] Level 5:colcon.colcon_core.verb:set package 'robot_ws_bridge' build argument 'cmake_force_configure' from command line to 'False'
[0.709s] Level 5:colcon.colcon_core.verb:set package 'robot_ws_bridge' build argument 'ament_cmake_args' from command line to 'None'
[0.709s] Level 5:colcon.colcon_core.verb:set package 'robot_ws_bridge' build argument 'catkin_cmake_args' from command line to 'None'
[0.709s] Level 5:colcon.colcon_core.verb:set package 'robot_ws_bridge' build argument 'catkin_skip_building_tests' from command line to 'False'
[0.709s] DEBUG:colcon.colcon_core.verb:Building package 'robot_ws_bridge' with the following arguments: {'ament_cmake_args': None, 'build_base': '/home/unitree/ros2_bridge/robot_ws_bridge/build/robot_ws_bridge', 'catkin_cmake_args': None, 'catkin_skip_building_tests': False, 'cmake_args': None, 'cmake_clean_cache': False, 'cmake_clean_first': False, 'cmake_force_configure': False, 'cmake_target': None, 'cmake_target_skip_unavailable': False, 'install_base': '/home/unitree/ros2_bridge/robot_ws_bridge/install/robot_ws_bridge', 'merge_install': False, 'path': '/home/unitree/ros2_bridge/robot_ws_bridge', 'symlink_install': True, 'test_result_base': None}
[0.710s] INFO:colcon.colcon_core.executor:Executing jobs using 'parallel' executor
[0.712s] DEBUG:colcon.colcon_parallel_executor.executor.parallel:run_until_complete
[0.712s] INFO:colcon.colcon_ros.task.ament_python.build:Building ROS package in '/home/unitree/ros2_bridge/robot_ws_bridge' with build type 'ament_python'
[0.713s] Level 1:colcon.colcon_core.shell:create_environment_hook('robot_ws_bridge', 'ament_prefix_path')
[0.716s] INFO:colcon.colcon_core.plugin_system:Skipping extension 'colcon_core.shell.bat': Not used on non-Windows systems
[0.716s] INFO:colcon.colcon_core.shell:Creating environment hook '/home/unitree/ros2_bridge/robot_ws_bridge/install/robot_ws_bridge/share/robot_ws_bridge/hook/ament_prefix_path.ps1'
[0.717s] INFO:colcon.colcon_core.shell:Creating environment descriptor '/home/unitree/ros2_bridge/robot_ws_bridge/install/robot_ws_bridge/share/robot_ws_bridge/hook/ament_prefix_path.dsv'
[0.718s] INFO:colcon.colcon_core.shell:Creating environment hook '/home/unitree/ros2_bridge/robot_ws_bridge/install/robot_ws_bridge/share/robot_ws_bridge/hook/ament_prefix_path.sh'
[0.719s] INFO:colcon.colcon_core.shell:Skip shell extension 'powershell' for command environment: Not usable outside of PowerShell
[0.719s] DEBUG:colcon.colcon_core.shell:Skip shell extension 'dsv' for command environment
[1.097s] INFO:colcon.colcon_core.task.python.build:Building Python package in '/home/unitree/ros2_bridge/robot_ws_bridge'
[1.098s] INFO:colcon.colcon_core.shell:Skip shell extension 'powershell' for command environment: Not usable outside of PowerShell
[1.098s] DEBUG:colcon.colcon_core.shell:Skip shell extension 'dsv' for command environment
[1.766s] DEBUG:colcon.colcon_core.event_handler.log_command:Invoking command in '/home/unitree/ros2_bridge/robot_ws_bridge/build/robot_ws_bridge': PYTHONPATH=/home/unitree/ros2_bridge/robot_ws_bridge/build/robot_ws_bridge/prefix_override:/usr/lib/python3/dist-packages/colcon_core/task/python/colcon_distutils_commands:/home/unitree/ros2_bridge/robot_ws_bridge/install/robot_ws_bridge/lib/python3.8/site-packages:${PYTHONPATH} /usr/bin/python3 -W ignore:setup.py install is deprecated setup.py develop --editable --build-directory /home/unitree/ros2_bridge/robot_ws_bridge/build/robot_ws_bridge/build --no-deps symlink_data
[2.498s] Level 1:colcon.colcon_core.shell:create_environment_hook('robot_ws_bridge', 'pythonpath_develop')
[2.499s] INFO:colcon.colcon_core.shell:Creating environment hook '/home/unitree/ros2_bridge/robot_ws_bridge/build/robot_ws_bridge/share/robot_ws_bridge/hook/pythonpath_develop.ps1'
[2.499s] DEBUG:colcon.colcon_core.event_handler.log_command:Invoked command in '/home/unitree/ros2_bridge/robot_ws_bridge/build/robot_ws_bridge' returned '0': PYTHONPATH=/home/unitree/ros2_bridge/robot_ws_bridge/build/robot_ws_bridge/prefix_override:/usr/lib/python3/dist-packages/colcon_core/task/python/colcon_distutils_commands:/home/unitree/ros2_bridge/robot_ws_bridge/install/robot_ws_bridge/lib/python3.8/site-packages:${PYTHONPATH} /usr/bin/python3 -W ignore:setup.py install is deprecated setup.py develop --editable --build-directory /home/unitree/ros2_bridge/robot_ws_bridge/build/robot_ws_bridge/build --no-deps symlink_data
[2.502s] INFO:colcon.colcon_core.shell:Creating environment descriptor '/home/unitree/ros2_bridge/robot_ws_bridge/build/robot_ws_bridge/share/robot_ws_bridge/hook/pythonpath_develop.dsv'
[2.503s] INFO:colcon.colcon_core.shell:Creating environment hook '/home/unitree/ros2_bridge/robot_ws_bridge/build/robot_ws_bridge/share/robot_ws_bridge/hook/pythonpath_develop.sh'
[2.514s] Level 1:colcon.colcon_core.environment:checking '/home/unitree/ros2_bridge/robot_ws_bridge/install/robot_ws_bridge' for CMake module files
[2.516s] Level 1:colcon.colcon_core.environment:checking '/home/unitree/ros2_bridge/robot_ws_bridge/install/robot_ws_bridge' for CMake config files
[2.518s] Level 1:colcon.colcon_core.environment:checking '/home/unitree/ros2_bridge/robot_ws_bridge/install/robot_ws_bridge/lib'
[2.519s] Level 1:colcon.colcon_core.environment:checking '/home/unitree/ros2_bridge/robot_ws_bridge/install/robot_ws_bridge/bin'
[2.519s] Level 1:colcon.colcon_core.environment:checking '/home/unitree/ros2_bridge/robot_ws_bridge/install/robot_ws_bridge/lib/pkgconfig/robot_ws_bridge.pc'
[2.520s] Level 1:colcon.colcon_core.environment:checking '/home/unitree/ros2_bridge/robot_ws_bridge/install/robot_ws_bridge/lib/python3.8/site-packages'
[2.521s] Level 1:colcon.colcon_core.shell:create_environment_hook('robot_ws_bridge', 'pythonpath')
[2.522s] INFO:colcon.colcon_core.shell:Creating environment hook '/home/unitree/ros2_bridge/robot_ws_bridge/install/robot_ws_bridge/share/robot_ws_bridge/hook/pythonpath.ps1'
[2.523s] INFO:colcon.colcon_core.shell:Creating environment descriptor '/home/unitree/ros2_bridge/robot_ws_bridge/install/robot_ws_bridge/share/robot_ws_bridge/hook/pythonpath.dsv'
[2.524s] INFO:colcon.colcon_core.shell:Creating environment hook '/home/unitree/ros2_bridge/robot_ws_bridge/install/robot_ws_bridge/share/robot_ws_bridge/hook/pythonpath.sh'
[2.526s] Level 1:colcon.colcon_core.environment:checking '/home/unitree/ros2_bridge/robot_ws_bridge/install/robot_ws_bridge/bin'
[2.526s] Level 1:colcon.colcon_core.environment:create_environment_scripts_only(robot_ws_bridge)
[2.527s] INFO:colcon.colcon_core.shell:Creating package script '/home/unitree/ros2_bridge/robot_ws_bridge/install/robot_ws_bridge/share/robot_ws_bridge/package.ps1'
[2.530s] INFO:colcon.colcon_core.shell:Creating package descriptor '/home/unitree/ros2_bridge/robot_ws_bridge/install/robot_ws_bridge/share/robot_ws_bridge/package.dsv'
[2.532s] INFO:colcon.colcon_core.shell:Creating package script '/home/unitree/ros2_bridge/robot_ws_bridge/install/robot_ws_bridge/share/robot_ws_bridge/package.sh'
[2.534s] INFO:colcon.colcon_core.shell:Creating package script '/home/unitree/ros2_bridge/robot_ws_bridge/install/robot_ws_bridge/share/robot_ws_bridge/package.bash'
[2.535s] INFO:colcon.colcon_core.shell:Creating package script '/home/unitree/ros2_bridge/robot_ws_bridge/install/robot_ws_bridge/share/robot_ws_bridge/package.zsh'
[2.537s] Level 1:colcon.colcon_core.environment:create_file_with_runtime_dependencies(/home/unitree/ros2_bridge/robot_ws_bridge/install/robot_ws_bridge/share/colcon-core/packages/robot_ws_bridge)
[2.538s] DEBUG:colcon.colcon_parallel_executor.executor.parallel:closing loop
[2.539s] DEBUG:colcon.colcon_parallel_executor.executor.parallel:loop closed
[2.539s] DEBUG:colcon.colcon_parallel_executor.executor.parallel:run_until_complete finished with '0'
[2.540s] DEBUG:colcon.colcon_core.event_reactor:joining thread
[2.555s] INFO:colcon.colcon_core.plugin_system:Skipping extension 'colcon_notification.desktop_notification.terminal_notifier': Not used on non-Darwin systems
[2.555s] INFO:colcon.colcon_core.plugin_system:Skipping extension 'colcon_notification.desktop_notification.win32': Not used on non-Windows systems
[2.555s] INFO:colcon.colcon_notification.desktop_notification:Sending desktop notification using 'notify2'
[2.576s] DEBUG:colcon.colcon_notification.desktop_notification.notify2:Failed to initialize notify2: org.freedesktop.DBus.Error.Spawn.ChildExited: Process org.freedesktop.Notifications exited with status 1
[2.577s] DEBUG:colcon.colcon_core.event_reactor:joined thread
[2.578s] INFO:colcon.colcon_core.shell:Creating prefix script '/home/unitree/ros2_bridge/robot_ws_bridge/install/local_setup.ps1'
[2.580s] INFO:colcon.colcon_core.shell:Creating prefix util module '/home/unitree/ros2_bridge/robot_ws_bridge/install/_local_setup_util_ps1.py'
[2.582s] INFO:colcon.colcon_core.shell:Creating prefix chain script '/home/unitree/ros2_bridge/robot_ws_bridge/install/setup.ps1'
[2.585s] INFO:colcon.colcon_core.shell:Creating prefix script '/home/unitree/ros2_bridge/robot_ws_bridge/install/local_setup.sh'
[2.586s] INFO:colcon.colcon_core.shell:Creating prefix util module '/home/unitree/ros2_bridge/robot_ws_bridge/install/_local_setup_util_sh.py'
[2.588s] INFO:colcon.colcon_core.shell:Creating prefix chain script '/home/unitree/ros2_bridge/robot_ws_bridge/install/setup.sh'
[2.590s] INFO:colcon.colcon_core.shell:Creating prefix script '/home/unitree/ros2_bridge/robot_ws_bridge/install/local_setup.bash'
[2.591s] INFO:colcon.colcon_core.shell:Creating prefix chain script '/home/unitree/ros2_bridge/robot_ws_bridge/install/setup.bash'
[2.593s] INFO:colcon.colcon_core.shell:Creating prefix script '/home/unitree/ros2_bridge/robot_ws_bridge/install/local_setup.zsh'
[2.594s] INFO:colcon.colcon_core.shell:Creating prefix chain script '/home/unitree/ros2_bridge/robot_ws_bridge/install/setup.zsh'
